[a,a,c,e,g] => gecaa
[a,a,c,e,h] => hecaa
[a,a,c,e,i] => iecaa
[a,a,c,f,g] => gfcaa
[a,a,c,f,h] => hfcaa
[a,a,c,f,i] => ifcaa
[a,a,d,e,g] => gedaa
[a,a,d,e,h] => hedaa
[a,a,d,e,i] => iedaa
[a,a,d,f,g] => gfdaa
[a,a,d,f,h] => hfdaa
[a,a,d,f,i] => ifdaa
[a,b,c,e,g] => gecba
[a,b,c,e,h] => hecba
[a,b,c,e,i] => iecba
[a,b,c,f,g] => gfcba
[a,b,c,f,h] => hfcba
[a,b,c,f,i] => ifcba
[a,b,d,e,g] => gedba
[a,b,d,e,h] => hedba
[a,b,d,e,i] => iedba
[a,b,d,f,g] => gfdba
[a,b,d,f,h] => hfdba
[a,b,d,f,i] => ifdba
[b,a,c,e,g] => gecab
[b,a,c,e,h] => hecab
[b,a,c,e,i] => iecab
[b,a,c,f,g] => gfcab
[b,a,c,f,h] => hfcab
[b,a,c,f,i] => ifcab
[b,a,d,e,g] => gedab
[b,a,d,e,h] => hedab
[b,a,d,e,i] => iedab
[b,a,d,f,g] => gfdab
[b,a,d,f,h] => hfdab
[b,a,d,f,i] => ifdab
[b,b,c,e,g] => gecbb
[b,b,c,e,h] => hecbb
[b,b,c,e,i] => iecbb
[b,b,c,f,g] => gfcbb
[b,b,c,f,h] => hfcbb
[b,b,c,f,i] => ifcbb
[b,b,d,e,g] => gedbb
[b,b,d,e,h] => hedbb
[b,b,d,e,i] => iedbb
[b,b,d,f,g] => gfdbb
[b,b,d,f,h] => hfdbb
[b,b,d,f,i] => ifdbb
