[3,3,3,3] => 3333
[3,3,3,4] => 3334
[3,3,4,3] => 3343
[3,3,4,4] => 3344
[3,4,3,3] => 3433
[3,4,3,4] => 3434
[3,4,4,3] => 3443
[3,4,4,4] => 3444
[4,3,3,3] => 4333
[4,3,3,4] => 4334
[4,3,4,3] => 4343
[4,3,4,4] => 4344
[4,4,3,3] => 4433
[4,4,3,4] => 4434
[4,4,4,3] => 4443
[4,4,4,4] => 4444
