[1,2,2,2,2,2,2,8] => 21
[1,2,2,2,2,2,2,7] => 20
[1,2,2,2,2,2,3,8] => 22
[1,2,2,2,2,2,3,7] => 21
[1,2,2,2,2,3,2,8] => 22
[1,2,2,2,2,3,2,7] => 21
[1,2,2,2,2,3,3,8] => 23
[1,2,2,2,2,3,3,7] => 22
[1,2,2,2,3,2,2,8] => 22
[1,2,2,2,3,2,2,7] => 21
[1,2,2,2,3,2,3,8] => 23
[1,2,2,2,3,2,3,7] => 22
[1,2,2,2,3,3,2,8] => 23
[1,2,2,2,3,3,2,7] => 22
[1,2,2,2,3,3,3,8] => 24
[1,2,2,2,3,3,3,7] => 23
[1,2,2,3,2,2,2,8] => 22
[1,2,2,3,2,2,2,7] => 21
[1,2,2,3,2,2,3,8] => 23
[1,2,2,3,2,2,3,7] => 22
[1,2,2,3,2,3,2,8] => 23
[1,2,2,3,2,3,2,7] => 22
[1,2,2,3,2,3,3,8] => 24
[1,2,2,3,2,3,3,7] => 23
[1,2,2,3,3,2,2,8] => 23
[1,2,2,3,3,2,2,7] => 22
[1,2,2,3,3,2,3,8] => 24
[1,2,2,3,3,2,3,7] => 23
[1,2,2,3,3,3,2,8] => 24
[1,2,2,3,3,3,2,7] => 23
[1,2,2,3,3,3,3,8] => 25
[1,2,2,3,3,3,3,7] => 24
[1,2,3,2,2,2,2,8] => 22
[1,2,3,2,2,2,2,7] => 21
[1,2,3,2,2,2,3,8] => 23
[1,2,3,2,2,2,3,7] => 22
[1,2,3,2,2,3,2,8] => 23
[1,2,3,2,2,3,2,7] => 22
[1,2,3,2,2,3,3,8] => 24
[1,2,3,2,2,3,3,7] => 23
[1,2,3,2,3,2,2,8] => 23
[1,2,3,2,3,2,2,7] => 22
[1,2,3,2,3,2,3,8] => 24
[1,2,3,2,3,2,3,7] => 23
[1,2,3,2,3,3,2,8] => 24
[1,2,3,2,3,3,2,7] => 23
[1,2,3,2,3,3,3,8] => 25
[1,2,3,2,3,3,3,7] => 24
[1,2,3,3,2,2,2,8] => 23
[1,2,3,3,2,2,2,7] => 22
[1,2,3,3,2,2,3,8] => 24
[1,2,3,3,2,2,3,7] => 23
[1,2,3,3,2,3,2,8] => 24
[1,2,3,3,2,3,2,7] => 23
[1,2,3,3,2,3,3,8] => 25
[1,2,3,3,2,3,3,7] => 24
[1,2,3,3,3,2,2,8] => 24
[1,2,3,3,3,2,2,7] => 23
[1,2,3,3,3,2,3,8] => 25
[1,2,3,3,3,2,3,7] => 24
[1,2,3,3,3,3,2,8] => 25
[1,2,3,3,3,3,2,7] => 24
[1,2,3,3,3,3,3,8] => 26
[1,2,3,3,3,3,3,7] => 25
[1,3,2,2,2,2,2,8] => 22
[1,3,2,2,2,2,2,7] => 21
[1,3,2,2,2,2,3,8] => 23
[1,3,2,2,2,2,3,7] => 22
[1,3,2,2,2,3,2,8] => 23
[1,3,2,2,2,3,2,7] => 22
[1,3,2,2,2,3,3,8] => 24
[1,3,2,2,2,3,3,7] => 23
[1,3,2,2,3,2,2,8] => 23
[1,3,2,2,3,2,2,7] => 22
[1,3,2,2,3,2,3,8] => 24
[1,3,2,2,3,2,3,7] => 23
[1,3,2,2,3,3,2,8] => 24
[1,3,2,2,3,3,2,7] => 23
[1,3,2,2,3,3,3,8] => 25
[1,3,2,2,3,3,3,7] => 24
[1,3,2,3,2,2,2,8] => 23
[1,3,2,3,2,2,2,7] => 22
[1,3,2,3,2,2,3,8] => 24
[1,3,2,3,2,2,3,7] => 23
[1,3,2,3,2,3,2,8] => 24
[1,3,2,3,2,3,2,7] => 23
[1,3,2,3,2,3,3,8] => 25
[1,3,2,3,2,3,3,7] => 24
[1,3,2,3,3,2,2,8] => 24
[1,3,2,3,3,2,2,7] => 23
[1,3,2,3,3,2,3,8] => 25
[1,3,2,3,3,2,3,7] => 24
[1,3,2,3,3,3,2,8] => 25
[1,3,2,3,3,3,2,7] => 24
[1,3,2,3,3,3,3,8] => 26
[1,3,2,3,3,3,3,7] => 25
[1,3,3,2,2,2,2,8] => 23
[1,3,3,2,2,2,2,7] => 22
[1,3,3,2,2,2,3,8] => 24
[1,3,3,2,2,2,3,7] => 23
[1,3,3,2,2,3,2,8] => 24
[1,3,3,2,2,3,2,7] => 23
[1,3,3,2,2,3,3,8] => 25
[1,3,3,2,2,3,3,7] => 24
[1,3,3,2,3,2,2,8] => 24
[1,3,3,2,3,2,2,7] => 23
[1,3,3,2,3,2,3,8] => 25
[1,3,3,2,3,2,3,7] => 24
[1,3,3,2,3,3,2,8] => 25
[1,3,3,2,3,3,2,7] => 24
[1,3,3,2,3,3,3,8] => 26
[1,3,3,2,3,3,3,7] => 25
[1,3,3,3,2,2,2,8] => 24
[1,3,3,3,2,2,2,7] => 23
[1,3,3,3,2,2,3,8] => 25
[1,3,3,3,2,2,3,7] => 24
[1,3,3,3,2,3,2,8] => 25
[1,3,3,3,2,3,2,7] => 24
[1,3,3,3,2,3,3,8] => 26
[1,3,3,3,2,3,3,7] => 25
[1,3,3,3,3,2,2,8] => 25
[1,3,3,3,3,2,2,7] => 24
[1,3,3,3,3,2,3,8] => 26
[1,3,3,3,3,2,3,7] => 25
[1,3,3,3,3,3,2,8] => 26
[1,3,3,3,3,3,2,7] => 25
[1,3,3,3,3,3,3,8] => 27
[1,3,3,3,3,3,3,7] => 26
[2,2,2,2,2,2,2,8] => 22
[2,2,2,2,2,2,2,7] => 21
[2,2,2,2,2,2,3,8] => 23
[2,2,2,2,2,2,3,7] => 22
[2,2,2,2,2,3,2,8] => 23
[2,2,2,2,2,3,2,7] => 22
[2,2,2,2,2,3,3,8] => 24
[2,2,2,2,2,3,3,7] => 23
[2,2,2,2,3,2,2,8] => 23
[2,2,2,2,3,2,2,7] => 22
[2,2,2,2,3,2,3,8] => 24
[2,2,2,2,3,2,3,7] => 23
[2,2,2,2,3,3,2,8] => 24
[2,2,2,2,3,3,2,7] => 23
[2,2,2,2,3,3,3,8] => 25
[2,2,2,2,3,3,3,7] => 24
[2,2,2,3,2,2,2,8] => 23
[2,2,2,3,2,2,2,7] => 22
[2,2,2,3,2,2,3,8] => 24
[2,2,2,3,2,2,3,7] => 23
[2,2,2,3,2,3,2,8] => 24
[2,2,2,3,2,3,2,7] => 23
[2,2,2,3,2,3,3,8] => 25
[2,2,2,3,2,3,3,7] => 24
[2,2,2,3,3,2,2,8] => 24
[2,2,2,3,3,2,2,7] => 23
[2,2,2,3,3,2,3,8] => 25
[2,2,2,3,3,2,3,7] => 24
[2,2,2,3,3,3,2,8] => 25
[2,2,2,3,3,3,2,7] => 24
[2,2,2,3,3,3,3,8] => 26
[2,2,2,3,3,3,3,7] => 25
[2,2,3,2,2,2,2,8] => 23
[2,2,3,2,2,2,2,7] => 22
[2,2,3,2,2,2,3,8] => 24
[2,2,3,2,2,2,3,7] => 23
[2,2,3,2,2,3,2,8] => 24
[2,2,3,2,2,3,2,7] => 23
[2,2,3,2,2,3,3,8] => 25
[2,2,3,2,2,3,3,7] => 24
[2,2,3,2,3,2,2,8] => 24
[2,2,3,2,3,2,2,7] => 23
[2,2,3,2,3,2,3,8] => 25
[2,2,3,2,3,2,3,7] => 24
[2,2,3,2,3,3,2,8] => 25
[2,2,3,2,3,3,2,7] => 24
[2,2,3,2,3,3,3,8] => 26
[2,2,3,2,3,3,3,7] => 25
[2,2,3,3,2,2,2,8] => 24
[2,2,3,3,2,2,2,7] => 23
[2,2,3,3,2,2,3,8] => 25
[2,2,3,3,2,2,3,7] => 24
[2,2,3,3,2,3,2,8] => 25
[2,2,3,3,2,3,2,7] => 24
[2,2,3,3,2,3,3,8] => 26
[2,2,3,3,2,3,3,7] => 25
[2,2,3,3,3,2,2,8] => 25
[2,2,3,3,3,2,2,7] => 24
[2,2,3,3,3,2,3,8] => 26
[2,2,3,3,3,2,3,7] => 25
[2,2,3,3,3,3,2,8] => 26
[2,2,3,3,3,3,2,7] => 25
[2,2,3,3,3,3,3,8] => 27
[2,2,3,3,3,3,3,7] => 26
[2,3,2,2,2,2,2,8] => 23
[2,3,2,2,2,2,2,7] => 22
[2,3,2,2,2,2,3,8] => 24
[2,3,2,2,2,2,3,7] => 23
[2,3,2,2,2,3,2,8] => 24
[2,3,2,2,2,3,2,7] => 23
[2,3,2,2,2,3,3,8] => 25
[2,3,2,2,2,3,3,7] => 24
[2,3,2,2,3,2,2,8] => 24
[2,3,2,2,3,2,2,7] => 23
[2,3,2,2,3,2,3,8] => 25
[2,3,2,2,3,2,3,7] => 24
[2,3,2,2,3,3,2,8] => 25
[2,3,2,2,3,3,2,7] => 24
[2,3,2,2,3,3,3,8] => 26
[2,3,2,2,3,3,3,7] => 25
[2,3,2,3,2,2,2,8] => 24
[2,3,2,3,2,2,2,7] => 23
[2,3,2,3,2,2,3,8] => 25
[2,3,2,3,2,2,3,7] => 24
[2,3,2,3,2,3,2,8] => 25
[2,3,2,3,2,3,2,7] => 24
[2,3,2,3,2,3,3,8] => 26
[2,3,2,3,2,3,3,7] => 25
[2,3,2,3,3,2,2,8] => 25
[2,3,2,3,3,2,2,7] => 24
[2,3,2,3,3,2,3,8] => 26
[2,3,2,3,3,2,3,7] => 25
[2,3,2,3,3,3,2,8] => 26
[2,3,2,3,3,3,2,7] => 25
[2,3,2,3,3,3,3,8] => 27
[2,3,2,3,3,3,3,7] => 26
[2,3,3,2,2,2,2,8] => 24
[2,3,3,2,2,2,2,7] => 23
[2,3,3,2,2,2,3,8] => 25
[2,3,3,2,2,2,3,7] => 24
[2,3,3,2,2,3,2,8] => 25
[2,3,3,2,2,3,2,7] => 24
[2,3,3,2,2,3,3,8] => 26
[2,3,3,2,2,3,3,7] => 25
[2,3,3,2,3,2,2,8] => 25
[2,3,3,2,3,2,2,7] => 24
[2,3,3,2,3,2,3,8] => 26
[2,3,3,2,3,2,3,7] => 25
[2,3,3,2,3,3,2,8] => 26
[2,3,3,2,3,3,2,7] => 25
[2,3,3,2,3,3,3,8] => 27
[2,3,3,2,3,3,3,7] => 26
[2,3,3,3,2,2,2,8] => 25
[2,3,3,3,2,2,2,7] => 24
[2,3,3,3,2,2,3,8] => 26
[2,3,3,3,2,2,3,7] => 25
[2,3,3,3,2,3,2,8] => 26
[2,3,3,3,2,3,2,7] => 25
[2,3,3,3,2,3,3,8] => 27
[2,3,3,3,2,3,3,7] => 26
[2,3,3,3,3,2,2,8] => 26
[2,3,3,3,3,2,2,7] => 25
[2,3,3,3,3,2,3,8] => 27
[2,3,3,3,3,2,3,7] => 26
[2,3,3,3,3,3,2,8] => 27
[2,3,3,3,3,3,2,7] => 26
[2,3,3,3,3,3,3,8] => 28
[2,3,3,3,3,3,3,7] => 27
