[1,2,2,2,2,2,2] => 13
[1,2,2,2,2,2,3] => 14
[1,2,2,2,2,3,2] => 14
[1,2,2,2,2,3,3] => 15
[1,2,2,2,3,2,2] => 14
[1,2,2,2,3,2,3] => 15
[1,2,2,2,3,3,2] => 15
[1,2,2,2,3,3,3] => 16
[1,2,2,3,2,2,2] => 14
[1,2,2,3,2,2,3] => 15
[1,2,2,3,2,3,2] => 15
[1,2,2,3,2,3,3] => 16
[1,2,2,3,3,2,2] => 15
[1,2,2,3,3,2,3] => 16
[1,2,2,3,3,3,2] => 16
[1,2,2,3,3,3,3] => 17
[1,2,3,2,2,2,2] => 14
[1,2,3,2,2,2,3] => 15
[1,2,3,2,2,3,2] => 15
[1,2,3,2,2,3,3] => 16
[1,2,3,2,3,2,2] => 15
[1,2,3,2,3,2,3] => 16
[1,2,3,2,3,3,2] => 16
[1,2,3,2,3,3,3] => 17
[1,2,3,3,2,2,2] => 15
[1,2,3,3,2,2,3] => 16
[1,2,3,3,2,3,2] => 16
[1,2,3,3,2,3,3] => 17
[1,2,3,3,3,2,2] => 16
[1,2,3,3,3,2,3] => 17
[1,2,3,3,3,3,2] => 17
[1,2,3,3,3,3,3] => 18
[1,3,2,2,2,2,2] => 14
[1,3,2,2,2,2,3] => 15
[1,3,2,2,2,3,2] => 15
[1,3,2,2,2,3,3] => 16
[1,3,2,2,3,2,2] => 15
[1,3,2,2,3,2,3] => 16
[1,3,2,2,3,3,2] => 16
[1,3,2,2,3,3,3] => 17
[1,3,2,3,2,2,2] => 15
[1,3,2,3,2,2,3] => 16
[1,3,2,3,2,3,2] => 16
[1,3,2,3,2,3,3] => 17
[1,3,2,3,3,2,2] => 16
[1,3,2,3,3,2,3] => 17
[1,3,2,3,3,3,2] => 17
[1,3,2,3,3,3,3] => 18
[1,3,3,2,2,2,2] => 15
[1,3,3,2,2,2,3] => 16
[1,3,3,2,2,3,2] => 16
[1,3,3,2,2,3,3] => 17
[1,3,3,2,3,2,2] => 16
[1,3,3,2,3,2,3] => 17
[1,3,3,2,3,3,2] => 17
[1,3,3,2,3,3,3] => 18
[1,3,3,3,2,2,2] => 16
[1,3,3,3,2,2,3] => 17
[1,3,3,3,2,3,2] => 17
[1,3,3,3,2,3,3] => 18
[1,3,3,3,3,2,2] => 17
[1,3,3,3,3,2,3] => 18
[1,3,3,3,3,3,2] => 18
[1,3,3,3,3,3,3] => 19
[2,2,2,2,2,2,2] => 14
[2,2,2,2,2,2,3] => 15
[2,2,2,2,2,3,2] => 15
[2,2,2,2,2,3,3] => 16
[2,2,2,2,3,2,2] => 15
[2,2,2,2,3,2,3] => 16
[2,2,2,2,3,3,2] => 16
[2,2,2,2,3,3,3] => 17
[2,2,2,3,2,2,2] => 15
[2,2,2,3,2,2,3] => 16
[2,2,2,3,2,3,2] => 16
[2,2,2,3,2,3,3] => 17
[2,2,2,3,3,2,2] => 16
[2,2,2,3,3,2,3] => 17
[2,2,2,3,3,3,2] => 17
[2,2,2,3,3,3,3] => 18
[2,2,3,2,2,2,2] => 15
[2,2,3,2,2,2,3] => 16
[2,2,3,2,2,3,2] => 16
[2,2,3,2,2,3,3] => 17
[2,2,3,2,3,2,2] => 16
[2,2,3,2,3,2,3] => 17
[2,2,3,2,3,3,2] => 17
[2,2,3,2,3,3,3] => 18
[2,2,3,3,2,2,2] => 16
[2,2,3,3,2,2,3] => 17
[2,2,3,3,2,3,2] => 17
[2,2,3,3,2,3,3] => 18
[2,2,3,3,3,2,2] => 17
[2,2,3,3,3,2,3] => 18
[2,2,3,3,3,3,2] => 18
[2,2,3,3,3,3,3] => 19
[2,3,2,2,2,2,2] => 15
[2,3,2,2,2,2,3] => 16
[2,3,2,2,2,3,2] => 16
[2,3,2,2,2,3,3] => 17
[2,3,2,2,3,2,2] => 16
[2,3,2,2,3,2,3] => 17
[2,3,2,2,3,3,2] => 17
[2,3,2,2,3,3,3] => 18
[2,3,2,3,2,2,2] => 16
[2,3,2,3,2,2,3] => 17
[2,3,2,3,2,3,2] => 17
[2,3,2,3,2,3,3] => 18
[2,3,2,3,3,2,2] => 17
[2,3,2,3,3,2,3] => 18
[2,3,2,3,3,3,2] => 18
[2,3,2,3,3,3,3] => 19
[2,3,3,2,2,2,2] => 16
[2,3,3,2,2,2,3] => 17
[2,3,3,2,2,3,2] => 17
[2,3,3,2,2,3,3] => 18
[2,3,3,2,3,2,2] => 17
[2,3,3,2,3,2,3] => 18
[2,3,3,2,3,3,2] => 18
[2,3,3,2,3,3,3] => 19
[2,3,3,3,2,2,2] => 17
[2,3,3,3,2,2,3] => 18
[2,3,3,3,2,3,2] => 18
[2,3,3,3,2,3,3] => 19
[2,3,3,3,3,2,2] => 18
[2,3,3,3,3,2,3] => 19
[2,3,3,3,3,3,2] => 19
[2,3,3,3,3,3,3] => 20
