[3,3,3] => 27
[3,3,4] => 36
[3,4,3] => 36
[3,4,4] => 48
[4,3,3] => 36
[4,3,4] => 48
[4,4,3] => 48
[4,4,4] => 64
