[1,a,c,e,i,g] => #1 gieca
[1,a,c,e,i,h] => #1 hieca
[1,a,c,e,j,g] => #1 gjeca
[1,a,c,e,j,h] => #1 hjeca
[1,a,c,f,i,g] => #1 gifca
[1,a,c,f,i,h] => #1 hifca
[1,a,c,f,j,g] => #1 gjfca
[1,a,c,f,j,h] => #1 hjfca
[1,a,d,e,i,g] => #1 gieda
[1,a,d,e,i,h] => #1 hieda
[1,a,d,e,j,g] => #1 gjeda
[1,a,d,e,j,h] => #1 hjeda
[1,a,d,f,i,g] => #1 gifda
[1,a,d,f,i,h] => #1 hifda
[1,a,d,f,j,g] => #1 gjfda
[1,a,d,f,j,h] => #1 hjfda
[1,b,c,e,i,g] => #1 giecb
[1,b,c,e,i,h] => #1 hiecb
[1,b,c,e,j,g] => #1 gjecb
[1,b,c,e,j,h] => #1 hjecb
[1,b,c,f,i,g] => #1 gifcb
[1,b,c,f,i,h] => #1 hifcb
[1,b,c,f,j,g] => #1 gjfcb
[1,b,c,f,j,h] => #1 hjfcb
[1,b,d,e,i,g] => #1 giedb
[1,b,d,e,i,h] => #1 hiedb
[1,b,d,e,j,g] => #1 gjedb
[1,b,d,e,j,h] => #1 hjedb
[1,b,d,f,i,g] => #1 gifdb
[1,b,d,f,i,h] => #1 hifdb
[1,b,d,f,j,g] => #1 gjfdb
[1,b,d,f,j,h] => #1 hjfdb
[2,a,c,e,i,g] => #2 gieca
[2,a,c,e,i,h] => #2 hieca
[2,a,c,e,j,g] => #2 gjeca
[2,a,c,e,j,h] => #2 hjeca
[2,a,c,f,i,g] => #2 gifca
[2,a,c,f,i,h] => #2 hifca
[2,a,c,f,j,g] => #2 gjfca
[2,a,c,f,j,h] => #2 hjfca
[2,a,d,e,i,g] => #2 gieda
[2,a,d,e,i,h] => #2 hieda
[2,a,d,e,j,g] => #2 gjeda
[2,a,d,e,j,h] => #2 hjeda
[2,a,d,f,i,g] => #2 gifda
[2,a,d,f,i,h] => #2 hifda
[2,a,d,f,j,g] => #2 gjfda
[2,a,d,f,j,h] => #2 hjfda
[2,b,c,e,i,g] => #2 giecb
[2,b,c,e,i,h] => #2 hiecb
[2,b,c,e,j,g] => #2 gjecb
[2,b,c,e,j,h] => #2 hjecb
[2,b,c,f,i,g] => #2 gifcb
[2,b,c,f,i,h] => #2 hifcb
[2,b,c,f,j,g] => #2 gjfcb
[2,b,c,f,j,h] => #2 hjfcb
[2,b,d,e,i,g] => #2 giedb
[2,b,d,e,i,h] => #2 hiedb
[2,b,d,e,j,g] => #2 gjedb
[2,b,d,e,j,h] => #2 hjedb
[2,b,d,f,i,g] => #2 gifdb
[2,b,d,f,i,h] => #2 hifdb
[2,b,d,f,j,g] => #2 gjfdb
[2,b,d,f,j,h] => #2 hjfdb
