=> log_from_inner_method()
  variable: name = Example
  .........1.........2.........3.........4.........5.........6.........7.........8.........9.........10
  .........1.........2.........3.........4..
<= log_from_inner_method()
