*******************************************************************************************
Error: EVERYTHING IS exceptionally AWFUL!!!!!!
*******************************************************************************************
