variable: dalmatians = 101 <Number>
variable: dalmatians = 101
