[1970-01-01 00:00:00 ~000000ms] event: 1
[1970-01-01 00:00:00 ~000500ms] event: 2
[1970-01-01 00:00:02 ~001500ms] event: 3
[1970-01-01 00:17:30 ~1048000ms] event: 4
*******************************************************************************************
[1970-01-01 00:17:32 ~002000ms] 
Error: Oh no you didn't!
*******************************************************************************************
