event: Toggle Off None
=> log_everything()
  Sql: Select * from people
  variable: Nonsense = foo
  event: Testing
  message: Something random
  .........1...
  *******************************************************************************************
  Error: Bad stuff happened here
  *******************************************************************************************
<= log_everything()
event: Toggle Off All
*******************************************************************************************
Error: Bad stuff happened here
*******************************************************************************************
event: Toggle Off Query
=> log_everything()
  variable: Nonsense = foo
  event: Testing
  message: Something random
  .........1...
  *******************************************************************************************
  Error: Bad stuff happened here
  *******************************************************************************************
<= log_everything()
event: Toggle Off Message
=> log_everything()
  Sql: Select * from people
  variable: Nonsense = foo
  event: Testing
  .........1...
  *******************************************************************************************
  Error: Bad stuff happened here
  *******************************************************************************************
<= log_everything()
event: Toggle Off Variable
=> log_everything()
  Sql: Select * from people
  event: Testing
  message: Something random
  .........1...
  *******************************************************************************************
  Error: Bad stuff happened here
  *******************************************************************************************
<= log_everything()
event: Toggle Off Hour Glass
=> log_everything()
  Sql: Select * from people
  variable: Nonsense = foo
  event: Testing
  message: Something random
  *******************************************************************************************
  Error: Bad stuff happened here
  *******************************************************************************************
<= log_everything()
event: Toggle Off Markers
Sql: Select * from people
variable: Nonsense = foo
event: Testing
message: Something random
.........1...
*******************************************************************************************
Error: Bad stuff happened here
*******************************************************************************************
event: Toggle Off Events
=> log_everything()
  Sql: Select * from people
  variable: Nonsense = foo
  message: Something random
  .........1...
  *******************************************************************************************
  Error: Bad stuff happened here
  *******************************************************************************************
<= log_everything()
