=> methodWithReturnValue(name: Llewellyn, age: 29)
<= methodWithReturnValue(): Llewellyn is 29 years old today.
